Microchip MPLAB XC8 Compiler V2.05 ()

Linker command line:

-W-3 --edf=C:\Program Files (x86)\Microchip\xc8\v2.05\pic\dat\en_msgs.txt \
  -cs -h+dist/default/production\My_Digital_3_Project.X.production.sym \
  --cmf=dist/default/production\My_Digital_3_Project.X.production.cmf -z \
  -Q16F877A -oC:\Users\sthuy\AppData\Local\Temp\s3rc.2 \
  --defsym=__MPLAB_BUILD=1 \
  -Mdist/default/production/My_Digital_3_Project.X.production.map -E1 \
  -ver=XC8 --acfsm=1493 -ASTACK=0110h-016Fh -pstack=STACK \
  -ACODE=00h-07FFhx4 -ASTRCODE=00h-01FFFh -ASTRING=00h-0FFhx32 \
  -ACONST=00h-0FFhx32 -AENTRY=00h-0FFhx32 -ACOMMON=070h-07Fh \
  -ABANK0=020h-06Fh -ABANK1=0A0h-0EFh -ABANK2=0110h-016Fh \
  -ABANK3=0190h-01EFh -ARAM=020h-06Fh,0A0h-0EFh,0110h-016Fh,0190h-01EFh \
  -AABS1=020h-07Fh,0A0h-0EFh,0110h-016Fh,0190h-01EFh -ASFR0=00h-01Fh \
  -ASFR1=080h-09Fh -ASFR2=0100h-010Fh -ASFR3=0180h-018Fh \
  -preset_vec=00h,intentry,init,end_init -ppowerup=CODE -pcinit=CODE \
  -pfunctab=ENTRY -ACONFIG=02007h-02007h -pconfig=CONFIG -DCONFIG=2 \
  -AIDLOC=02000h-02003h -pidloc=IDLOC -DIDLOC=2 -AEEDATA=00h-0FFh/02100h \
  -peeprom_data=EEDATA -DEEDATA=2 -DCODE=2 -DSTRCODE=2 -DSTRING=2 -DCONST=2 \
  -DENTRY=2 -k C:\Users\sthuy\AppData\Local\Temp\s3rc.o \
  dist/default/production\My_Digital_3_Project.X.production.o 

Object code version is 3.11

Machine type is 16F877A



                Name                               Link     Load   Length Selector   Space Scale
C:\Users\sthuy\AppData\Local\Temp\s3rc.o
                end_init                              0        0        3        0       0
                config                             2007     2007        1     400E       0
dist/default/production\My_Digital_3_Project.X.production.o
                cinit                               7FC      7FC        4      FF8       0
                text18                              328      328      110      650       0
                text17                              E41      E41       10     1C82       0
                text16                              E66      E66       16     1CCC       0
                text15                              E2C      E2C        A     1C58       0
                text14                              E7C      E7C       1A     1CF8       0
                text13                              E96      E96       1A     1D2C       0
                text12                              E36      E36        B     1C6C       0
                text11                              FA5      FA5       5B     1F4A       0
                text10                              F5B      F5B       4A     1EB6       0
                text9                                 6        6       37        C       0
                text8                               F1E      F1E       3D     1E3C       0
                text7                                3D       3D       66       7A       0
                text6                               E51      E51       15     1CA2       0
                text5                                A3       A3       AB      146       0
                text4                               EE2      EE2       3C     1DC4       0
                text3                               EB0      EB0       32     1D60       0
                text2                               14E      14E       D8      29C       0
                text1                               226      226      102      44C       0
                maintext                            438      438      3C4      870       0
                cstackBANK0                          20       20       42       20       1
                cstackCOMMON                         70       70        E       70       1
                strings                             800      800       A5     1000       0

TOTAL           Name                               Link     Load   Length     Space
        CLASS   STACK          

        CLASS   CODE           
                end_init                              0        0        3         0
                cinit                               7FC      7FC        4         0
                text18                              328      328      110         0
                text17                              E41      E41       10         0
                text16                              E66      E66       16         0
                text15                              E2C      E2C        A         0
                text14                              E7C      E7C       1A         0
                text13                              E96      E96       1A         0
                text12                              E36      E36        B         0
                text11                              FA5      FA5       5B         0
                text10                              F5B      F5B       4A         0
                text9                                 6        6       37         0
                text8                               F1E      F1E       3D         0
                text7                                3D       3D       66         0
                text6                               E51      E51       15         0
                text5                                A3       A3       AB         0
                text4                               EE2      EE2       3C         0
                text3                               EB0      EB0       32         0
                text2                               14E      14E       D8         0
                text1                               226      226      102         0
                maintext                            438      438      3C4         0

        CLASS   STRCODE        

        CLASS   STRING         
                strings                             800      800       A5         0

        CLASS   CONST          

        CLASS   ENTRY          

        CLASS   COMMON         
                cstackCOMMON                         70       70        E         1

        CLASS   BANK0          
                cstackBANK0                          20       20       42         1

        CLASS   BANK1          

        CLASS   BANK2          

        CLASS   BANK3          

        CLASS   RAM            

        CLASS   ABS1           
                abs_s1                               7E       7E        2         1

        CLASS   SFR0           

        CLASS   SFR1           

        CLASS   SFR2           

        CLASS   SFR3           

        CLASS   CONFIG         
                config                             2007     2007        1         0

        CLASS   IDLOC          

        CLASS   EEDATA         



SEGMENTS        Name                           Load    Length   Top    Selector   Space  Class     Delta

                reset_vec                      000000  000003  000003         0       0  CODE        2
                text9                          000006  000037  00003D         C       0  CODE        2
                cstackBANK0                    000020  000042  000062        20       1  BANK0       1
                cstackCOMMON                   000070  00000E  00007E        70       1  COMMON      1
                text7                          00003D  000066  0000A3        7A       0  CODE        2
                text5                          0000A3  0000AB  00014E       146       0  CODE        2
                text2                          00014E  0000D8  000226       29C       0  CODE        2
                text1                          000226  000102  000328       44C       0  CODE        2
                text18                         000328  000110  000438       650       0  CODE        2
                maintext                       000438  0003C4  0007FC       870       0  CODE        2
                cinit                          0007FC  000004  000800       FF8       0  CODE        2
                strings                        000800  0000A5  0008A5      1000       0  STRING      2
                text15                         000E2C  00000A  000E36      1C58       0  CODE        2
                text12                         000E36  00000B  000E41      1C6C       0  CODE        2
                text17                         000E41  000010  000E51      1C82       0  CODE        2
                text6                          000E51  000015  000E66      1CA2       0  CODE        2
                text16                         000E66  000016  000E7C      1CCC       0  CODE        2
                text14                         000E7C  00001A  000E96      1CF8       0  CODE        2
                text13                         000E96  00001A  000EB0      1D2C       0  CODE        2
                text3                          000EB0  000032  000EE2      1D60       0  CODE        2
                text4                          000EE2  00003C  000F1E      1DC4       0  CODE        2
                text8                          000F1E  00003D  000F5B      1E3C       0  CODE        2
                text10                         000F5B  00004A  000FA5      1EB6       0  CODE        2
                text11                         000FA5  00005B  001000      1F4A       0  CODE        2
                config                         002007  000001  002008      400E       0  CONFIG      2


UNUSED ADDRESS RANGES

        Name                Unused          Largest block    Delta
        BANK0            0062-006F              E           1
        BANK1            00A0-00EF             50           1
        BANK2            0110-016F             60           1
        BANK3            0190-01EF             60           1
        CODE             0003-0005              3           2
                         08A5-0E2B            587
                         1000-1FFF            800
        CONST            0003-0005              3           2
                         08A5-0E2B            100
                         1000-1FFF            100
        EEDATA           2100-21FF            100           2
        ENTRY            0003-0005              3           2
                         08A5-0E2B            100
                         1000-1FFF            100
        IDLOC            2000-2003              4           2
        RAM              0062-006F              E           1
                         00A0-00EF             50
                         0110-016F             60
                         0190-01EF             60
        SFR0             0000-001F             20           1
        SFR1             0080-009F             20           1
        SFR2             0100-010F             10           1
        SFR3             0180-018F             10           1
        STACK            0110-016F             60           1
        STRCODE          0003-0005              3           2
                         08A5-0E2B            587
                         1000-1FFF           1000
        STRING           0003-0005              3           2
                         08A5-0E2B            100
                         1000-1FFF            100

                                  Symbol Table

?___lwdiv                  cstackCOMMON 0070
?___lwmod                  cstackCOMMON 0078
?_sprintf                  cstackBANK0  0020
GetKey@key                 cstackCOMMON 0074
Lcd_Cmd@a                  cstackCOMMON 0073
Lcd_Port@a                 cstackCOMMON 0070
Lcd_Set_Cursor@a           cstackCOMMON 0077
Lcd_Set_Cursor@b           cstackCOMMON 0074
Lcd_Set_Cursor@temp        cstackCOMMON 007A
Lcd_Set_Cursor@y           cstackCOMMON 0079
Lcd_Set_Cursor@z           cstackCOMMON 0078
Lcd_Write_Char@a           cstackCOMMON 0074
Lcd_Write_Char@temp        cstackCOMMON 0072
Lcd_Write_Char@y           cstackCOMMON 0073
Lcd_Write_String@a         cstackCOMMON 0075
Lcd_Write_String@i         cstackCOMMON 007A
_GetKey                    text17       0E41
_KeySound                  text16       0E66
_Keypad_Init               text15       0E2C
_Lcd_Clear                 text12       0E36
_Lcd_Cmd                   text13       0E96
_Lcd_Init                  text11       0FA5
_Lcd_Port                  text14       0E7C
_Lcd_Set_Cursor            text10       0F5B
_Lcd_Write_Char            text9        0006
_Lcd_Write_String          text8        0F1E
_LockOpining               text7        003D
_OPTION_REG                (abs)        0081
_PORTB                     (abs)        0006
_PORTCbits                 (abs)        0007
_RB0                       (abs)        0030
_RB1                       (abs)        0031
_RB2                       (abs)        0032
_RB3                       (abs)        0033
_RB4                       (abs)        0034
_RB5                       (abs)        0035
_RB6                       (abs)        0036
_RD2                       (abs)        0042
_RD3                       (abs)        0043
_RD4                       (abs)        0044
_RD5                       (abs)        0045
_RD6                       (abs)        0046
_RD7                       (abs)        0047
_READ_SWITCHES             text18       0328
_TRISB                     (abs)        0086
_TRISC                     (abs)        0087
_TRISD                     (abs)        0088
_WaitSound                 text6        0E51
_Wrongsound                text5        00A3
__CFG_BOREN$ON             (abs)        0000
__CFG_CP$OFF               (abs)        0000
__CFG_CPD$OFF              (abs)        0000
__CFG_FOSC$HS              (abs)        0000
__CFG_LVP$OFF              (abs)        0000
__CFG_PWRTE$OFF            (abs)        0000
__CFG_WDTE$OFF             (abs)        0000
__CFG_WRT$OFF              (abs)        0000
__Habs1                    abs1         0000
__Hbank0                   bank0        0000
__Hbank1                   bank1        0000
__Hbank2                   bank2        0000
__Hbank3                   bank3        0000
__Hcinit                   cinit        0800
__Hclrtext                 clrtext      0000
__Hcode                    code         0000
__Hcommon                  common       0000
__Hconfig                  config       2008
__HcstackBANK0             cstackBANK0  0000
__HcstackCOMMON            cstackCOMMON 0000
__Heeprom_data             eeprom_data  0000
__Hend_init                end_init     0003
__Hfunctab                 functab      0000
__Hidloc                   idloc        0000
__Hinit                    init         0000
__Hintentry                intentry     0000
__Hmaintext                maintext     0000
__Hpowerup                 powerup      0000
__Hram                     ram          0000
__Hreset_vec               reset_vec    0000
__Hsfr0                    sfr0         0000
__Hsfr1                    sfr1         0000
__Hsfr2                    sfr2         0000
__Hsfr3                    sfr3         0000
__Hspace_0                 (abs)        2008
__Hspace_1                 (abs)        007E
__Hspace_2                 (abs)        0000
__Hspace_3                 (abs)        0000
__Hstack                   stack        0000
__Hstrings                 strings      0000
__Htext                    text         0000
__Labs1                    abs1         0000
__Lbank0                   bank0        0000
__Lbank1                   bank1        0000
__Lbank2                   bank2        0000
__Lbank3                   bank3        0000
__Lcinit                   cinit        07FC
__Lclrtext                 clrtext      0000
__Lcode                    code         0000
__Lcommon                  common       0000
__Lconfig                  config       2007
__LcstackBANK0             cstackBANK0  0000
__LcstackCOMMON            cstackCOMMON 0000
__Leeprom_data             eeprom_data  0000
__Lend_init                end_init     0000
__Lfunctab                 functab      0000
__Lidloc                   idloc        0000
__Linit                    init         0000
__Lintentry                intentry     0000
__Lmaintext                maintext     0000
__Lpowerup                 powerup      0000
__Lram                     ram          0000
__Lreset_vec               reset_vec    0000
__Lsfr0                    sfr0         0000
__Lsfr1                    sfr1         0000
__Lsfr2                    sfr2         0000
__Lsfr3                    sfr3         0000
__Lspace_0                 (abs)        0000
__Lspace_1                 (abs)        0000
__Lspace_2                 (abs)        0000
__Lspace_3                 (abs)        0000
__Lstack                   stack        0000
__Lstrings                 strings      0000
__Ltext                    text         0000
__S0                       (abs)        2008
__S1                       (abs)        007E
__S2                       (abs)        0000
__S3                       (abs)        0000
___int_sp                  stack        0000
___latbits                 (abs)        0002
___lwdiv                   text4        0EE2
___lwdiv@counter           cstackCOMMON 0077
___lwdiv@dividend          cstackCOMMON 0072
___lwdiv@divisor           cstackCOMMON 0070
___lwdiv@quotient          cstackCOMMON 0075
___lwmod                   text3        0EB0
___lwmod@counter           cstackCOMMON 007D
___lwmod@dividend          cstackCOMMON 007A
___lwmod@divisor           cstackCOMMON 0078
___sp                      stack        0000
___stackhi                 (abs)        0000
___stacklo                 (abs)        0000
__end_of_GetKey            text17       0E51
__end_of_KeySound          text16       0E7C
__end_of_Keypad_Init       text15       0E36
__end_of_Lcd_Clear         text12       0E41
__end_of_Lcd_Cmd           text13       0EB0
__end_of_Lcd_Init          text11       1000
__end_of_Lcd_Port          text14       0E96
__end_of_Lcd_Set_Cursor    text10       0FA5
__end_of_Lcd_Write_Char    text9        003D
__end_of_Lcd_Write_String  text8        0F5B
__end_of_LockOpining       text7        00A3
__end_of_READ_SWITCHES     text18       0438
__end_of_WaitSound         text6        0E66
__end_of_Wrongsound        text5        014E
__end_of___lwdiv           text4        0F1E
__end_of___lwmod           text3        0EE2
__end_of__initialization   cinit        07FC
__end_of__stringtab        strings      0810
__end_of_dpowers           strings      081A
__end_of_main              maintext     07FC
__end_of_sprintf           text2        0226
__end_of_startingSound     text1        0328
__initialization           cinit        07FC
__pcstackBANK0             cstackBANK0  0020
__pcstackCOMMON            cstackCOMMON 0070
__pmaintext                maintext     0438
__pstrings                 strings      0800
__ptext1                   text1        0226
__ptext10                  text10       0F5B
__ptext11                  text11       0FA5
__ptext12                  text12       0E36
__ptext13                  text13       0E96
__ptext14                  text14       0E7C
__ptext15                  text15       0E2C
__ptext16                  text16       0E66
__ptext17                  text17       0E41
__ptext18                  text18       0328
__ptext2                   text2        014E
__ptext3                   text3        0EB0
__ptext4                   text4        0EE2
__ptext5                   text5        00A3
__ptext6                   text6        0E51
__ptext7                   text7        003D
__ptext8                   text8        0F1E
__ptext9                   text9        0006
__size_of_GetKey           (abs)        0000
__size_of_KeySound         (abs)        0000
__size_of_Keypad_Init      (abs)        0000
__size_of_Lcd_Clear        (abs)        0000
__size_of_Lcd_Cmd          (abs)        0000
__size_of_Lcd_Init         (abs)        0000
__size_of_Lcd_Port         (abs)        0000
__size_of_Lcd_Set_Cursor   (abs)        0000
__size_of_Lcd_Write_Char   (abs)        0000
__size_of_Lcd_Write_String (abs)        0000
__size_of_LockOpining      (abs)        0000
__size_of_READ_SWITCHES    (abs)        0000
__size_of_WaitSound        (abs)        0000
__size_of_Wrongsound       (abs)        0000
__size_of___lwdiv          (abs)        0000
__size_of___lwmod          (abs)        0000
__size_of_main             (abs)        0000
__size_of_sprintf          (abs)        0000
__size_of_startingSound    (abs)        0000
__stringbase               strings      080F
__stringtab                strings      0800
_dpowers                   strings      0810
_main                      maintext     0438
_sprintf                   text2        014E
_startingSound             text1        0226
btemp                      (abs)        007E
end_of_initialization      cinit        07FC
intlevel0                  functab      0000
intlevel1                  functab      0000
intlevel2                  functab      0000
intlevel3                  functab      0000
intlevel4                  functab      0000
intlevel5                  functab      0000
main@Key1                  cstackBANK0  005C
main@Key2                  cstackBANK0  005D
main@Key3                  cstackBANK0  005E
main@Key4                  cstackBANK0  005F
main@Nes                   cstackBANK0  0030
main@Nes1                  cstackBANK0  003C
main@R                     cstackBANK0  0060
main@R1                    cstackBANK0  0056
main@i                     cstackBANK0  0050
main@p1                    cstackBANK0  004C
main@p2                    cstackBANK0  004D
main@p3                    cstackBANK0  004E
main@p4                    cstackBANK0  004F
main@r1                    cstackBANK0  0048
main@r2                    cstackBANK0  0049
main@r3                    cstackBANK0  004A
main@r4                    cstackBANK0  004B
main@rs11                  cstackBANK0  0052
main@rs12                  cstackBANK0  0058
main@rs21                  cstackBANK0  0053
main@rs22                  cstackBANK0  0059
main@rs31                  cstackBANK0  0054
main@rs32                  cstackBANK0  005A
main@rs41                  cstackBANK0  0055
main@rs42                  cstackBANK0  005B
reset_vec                  reset_vec    0000
sprintf@ap                 cstackBANK0  0026
sprintf@c                  cstackBANK0  002C
sprintf@f                  cstackBANK0  0020
sprintf@flag               cstackBANK0  0027
sprintf@prec               cstackBANK0  0028
sprintf@sp                 cstackBANK0  002B
sprintf@val                cstackBANK0  0029
start                      init         0000
start_initialization       cinit        07FC
wtemp0                     (abs)        007E


FUNCTION INFORMATION:

 *************** function _main *****************
 Defined at:
		line 40 in file "Password_Based_Door_Lock.c"
 Parameters:    Size  Location     Type
		None
 Auto vars:     Size  Location     Type
  i               2   48[BANK0 ] int 
  Nes1           12   28[BANK0 ] unsigned char [12]
  Nes            12   16[BANK0 ] unsigned char [12]
  R               2   64[BANK0 ] int 
  R1              2   54[BANK0 ] int 
  Key4            1   63[BANK0 ] unsigned char 
  Key3            1   62[BANK0 ] unsigned char 
  Key2            1   61[BANK0 ] unsigned char 
  Key1            1   60[BANK0 ] unsigned char 
  rs42            1   59[BANK0 ] unsigned char 
  rs32            1   58[BANK0 ] unsigned char 
  rs22            1   57[BANK0 ] unsigned char 
  rs12            1   56[BANK0 ] unsigned char 
  rs41            1   53[BANK0 ] unsigned char 
  rs31            1   52[BANK0 ] unsigned char 
  rs21            1   51[BANK0 ] unsigned char 
  rs11            1   50[BANK0 ] unsigned char 
  p4              1   47[BANK0 ] unsigned char 
  p3              1   46[BANK0 ] unsigned char 
  p2              1   45[BANK0 ] unsigned char 
  p1              1   44[BANK0 ] unsigned char 
  r4              1   43[BANK0 ] unsigned char 
  r3              1   42[BANK0 ] unsigned char 
  r2              1   41[BANK0 ] unsigned char 
  r1              1   40[BANK0 ] unsigned char 
 Return value:  Size  Location     Type
                  1    wreg      void 
 Registers used:
		wreg, fsr0l, fsr0h, status,2, status,0, btemp+1, pclath, cstack
 Tracked objects:
		On entry : 
		On exit  : 
		Unchanged: 
 Data sizes:     COMMON   BANK0   BANK1   BANK3   BANK2
      Params:         0       0       0       0       0
      Locals:         0      50       0       0       0
      Temps:          0       3       0       0       0
      Totals:         0      53       0       0       0
Total ram usage:       53 bytes
 Hardware stack levels required when called:    3
 This function calls:
		_GetKey
		_KeySound
		_Keypad_Init
		_Lcd_Clear
		_Lcd_Init
		_Lcd_Set_Cursor
		_Lcd_Write_Char
		_Lcd_Write_String
		_LockOpining
		_WaitSound
		_Wrongsound
		_sprintf
		_startingSound
 This function is called by:
		Startup code after reset
 This function uses a non-reentrant model


 *************** function _startingSound *****************
 Defined at:
		line 35 in file "./Buz_Lock_Led.h"
 Parameters:    Size  Location     Type
		None
 Auto vars:     Size  Location     Type
		None
 Return value:  Size  Location     Type
                  1    wreg      void 
 Registers used:
		wreg, status,2
 Tracked objects:
		On entry : 
		On exit  : 
		Unchanged: 
 Data sizes:     COMMON   BANK0   BANK1   BANK3   BANK2
      Params:         0       0       0       0       0
      Locals:         0       0       0       0       0
      Temps:          3       0       0       0       0
      Totals:         3       0       0       0       0
Total ram usage:        3 bytes
 Hardware stack levels used:    1
 This function calls:
		Nothing
 This function is called by:
		_main
 This function uses a non-reentrant model


 *************** function _sprintf *****************
 Defined at:
		line 500 in file "C:\Program Files (x86)\Microchip\xc8\v2.05\pic\sources\c90\common\doprnt.c"
 Parameters:    Size  Location     Type
  sp              1    wreg     PTR unsigned char 
		 -> main@Nes1(12), main@Nes(12), 
  f               1    0[BANK0 ] PTR const unsigned char 
		 -> STR_11(3), STR_3(3), 
 Auto vars:     Size  Location     Type
  sp              1   11[BANK0 ] PTR unsigned char 
		 -> main@Nes1(12), main@Nes(12), 
  tmpval          4    0        struct .
  val             2    9[BANK0 ] unsigned int 
  cp              2    0        PTR const unsigned char 
  len             2    0        unsigned int 
  c               1   12[BANK0 ] unsigned char 
  prec            1    8[BANK0 ] char 
  flag            1    7[BANK0 ] unsigned char 
  ap              1    6[BANK0 ] PTR void [1]
		 -> ?_sprintf(2), 
 Return value:  Size  Location     Type
                  2    0[BANK0 ] int 
 Registers used:
		wreg, fsr0l, fsr0h, status,2, status,0, btemp+1, pclath, cstack
 Tracked objects:
		On entry : 
		On exit  : 
		Unchanged: 
 Data sizes:     COMMON   BANK0   BANK1   BANK3   BANK2
      Params:         0       3       0       0       0
      Locals:         0       7       0       0       0
      Temps:          0       3       0       0       0
      Totals:         0      13       0       0       0
Total ram usage:       13 bytes
 Hardware stack levels used:    1
 Hardware stack levels required when called:    1
 This function calls:
		___lwdiv
		___lwmod
 This function is called by:
		_main
 This function uses a non-reentrant model


 *************** function ___lwmod *****************
 Defined at:
		line 5 in file "C:\Program Files (x86)\Microchip\xc8\v2.05\pic\sources\c90\common\lwmod.c"
 Parameters:    Size  Location     Type
  divisor         2    8[COMMON] unsigned int 
  dividend        2   10[COMMON] unsigned int 
 Auto vars:     Size  Location     Type
  counter         1   13[COMMON] unsigned char 
 Return value:  Size  Location     Type
                  2    8[COMMON] unsigned int 
 Registers used:
		wreg, status,2, status,0
 Tracked objects:
		On entry : 
		On exit  : 
		Unchanged: 
 Data sizes:     COMMON   BANK0   BANK1   BANK3   BANK2
      Params:         4       0       0       0       0
      Locals:         1       0       0       0       0
      Temps:          1       0       0       0       0
      Totals:         6       0       0       0       0
Total ram usage:        6 bytes
 Hardware stack levels used:    1
 This function calls:
		Nothing
 This function is called by:
		_sprintf
 This function uses a non-reentrant model


 *************** function ___lwdiv *****************
 Defined at:
		line 5 in file "C:\Program Files (x86)\Microchip\xc8\v2.05\pic\sources\c90\common\lwdiv.c"
 Parameters:    Size  Location     Type
  divisor         2    0[COMMON] unsigned int 
  dividend        2    2[COMMON] unsigned int 
 Auto vars:     Size  Location     Type
  quotient        2    5[COMMON] unsigned int 
  counter         1    7[COMMON] unsigned char 
 Return value:  Size  Location     Type
                  2    0[COMMON] unsigned int 
 Registers used:
		wreg, status,2, status,0
 Tracked objects:
		On entry : 
		On exit  : 
		Unchanged: 
 Data sizes:     COMMON   BANK0   BANK1   BANK3   BANK2
      Params:         4       0       0       0       0
      Locals:         3       0       0       0       0
      Temps:          1       0       0       0       0
      Totals:         8       0       0       0       0
Total ram usage:        8 bytes
 Hardware stack levels used:    1
 This function calls:
		Nothing
 This function is called by:
		_sprintf
 This function uses a non-reentrant model


 *************** function _Wrongsound *****************
 Defined at:
		line 110 in file "./Buz_Lock_Led.h"
 Parameters:    Size  Location     Type
		None
 Auto vars:     Size  Location     Type
		None
 Return value:  Size  Location     Type
                  1    wreg      void 
 Registers used:
		wreg
 Tracked objects:
		On entry : 
		On exit  : 
		Unchanged: 
 Data sizes:     COMMON   BANK0   BANK1   BANK3   BANK2
      Params:         0       0       0       0       0
      Locals:         0       0       0       0       0
      Temps:          3       0       0       0       0
      Totals:         3       0       0       0       0
Total ram usage:        3 bytes
 Hardware stack levels used:    1
 This function calls:
		Nothing
 This function is called by:
		_main
 This function uses a non-reentrant model


 *************** function _WaitSound *****************
 Defined at:
		line 149 in file "./Buz_Lock_Led.h"
 Parameters:    Size  Location     Type
		None
 Auto vars:     Size  Location     Type
		None
 Return value:  Size  Location     Type
                  1    wreg      void 
 Registers used:
		wreg
 Tracked objects:
		On entry : 
		On exit  : 
		Unchanged: 
 Data sizes:     COMMON   BANK0   BANK1   BANK3   BANK2
      Params:         0       0       0       0       0
      Locals:         0       0       0       0       0
      Temps:          3       0       0       0       0
      Totals:         3       0       0       0       0
Total ram usage:        3 bytes
 Hardware stack levels used:    1
 This function calls:
		Nothing
 This function is called by:
		_main
 This function uses a non-reentrant model


 *************** function _LockOpining *****************
 Defined at:
		line 5 in file "./Buz_Lock_Led.h"
 Parameters:    Size  Location     Type
		None
 Auto vars:     Size  Location     Type
		None
 Return value:  Size  Location     Type
                  1    wreg      void 
 Registers used:
		wreg
 Tracked objects:
		On entry : 
		On exit  : 
		Unchanged: 
 Data sizes:     COMMON   BANK0   BANK1   BANK3   BANK2
      Params:         0       0       0       0       0
      Locals:         0       0       0       0       0
      Temps:          3       0       0       0       0
      Totals:         3       0       0       0       0
Total ram usage:        3 bytes
 Hardware stack levels used:    1
 This function calls:
		Nothing
 This function is called by:
		_main
 This function uses a non-reentrant model


 *************** function _Lcd_Write_String *****************
 Defined at:
		line 98 in file "./Lcd_KeyPad.h"
 Parameters:    Size  Location     Type
  a               2    5[COMMON] PTR unsigned char 
		 -> STR_13(10), STR_12(16), main@Nes1(12), STR_10(16), 
		 -> STR_9(10), STR_8(11), STR_7(15), STR_6(15), 
		 -> STR_5(12), STR_4(17), main@Nes(12), STR_2(14), 
		 -> STR_1(16), 
 Auto vars:     Size  Location     Type
  i               2   10[COMMON] int 
 Return value:  Size  Location     Type
                  1    wreg      void 
 Registers used:
		wreg, fsr0l, fsr0h, status,2, status,0, btemp+1, pclath, cstack
 Tracked objects:
		On entry : 
		On exit  : 
		Unchanged: 
 Data sizes:     COMMON   BANK0   BANK1   BANK3   BANK2
      Params:         2       0       0       0       0
      Locals:         2       0       0       0       0
      Temps:          3       0       0       0       0
      Totals:         7       0       0       0       0
Total ram usage:        7 bytes
 Hardware stack levels used:    1
 Hardware stack levels required when called:    2
 This function calls:
		_Lcd_Write_Char
 This function is called by:
		_main
 This function uses a non-reentrant model


 *************** function _Lcd_Write_Char *****************
 Defined at:
		line 82 in file "./Lcd_KeyPad.h"
 Parameters:    Size  Location     Type
  a               1    wreg     unsigned char 
 Auto vars:     Size  Location     Type
  a               1    4[COMMON] unsigned char 
  y               1    3[COMMON] unsigned char 
  temp            1    2[COMMON] unsigned char 
 Return value:  Size  Location     Type
                  1    wreg      void 
 Registers used:
		wreg, status,2, status,0, pclath, cstack
 Tracked objects:
		On entry : 
		On exit  : 
		Unchanged: 
 Data sizes:     COMMON   BANK0   BANK1   BANK3   BANK2
      Params:         0       0       0       0       0
      Locals:         3       0       0       0       0
      Temps:          1       0       0       0       0
      Totals:         4       0       0       0       0
Total ram usage:        4 bytes
 Hardware stack levels used:    1
 Hardware stack levels required when called:    1
 This function calls:
		_Lcd_Port
 This function is called by:
		_Lcd_Write_String
		_main
 This function uses a non-reentrant model


 *************** function _Lcd_Set_Cursor *****************
 Defined at:
		line 42 in file "./Lcd_KeyPad.h"
 Parameters:    Size  Location     Type
  a               1    wreg     unsigned char 
  b               1    4[COMMON] unsigned char 
 Auto vars:     Size  Location     Type
  a               1    7[COMMON] unsigned char 
  temp            1   10[COMMON] unsigned char 
  y               1    9[COMMON] unsigned char 
  z               1    8[COMMON] unsigned char 
 Return value:  Size  Location     Type
                  1    wreg      void 
 Registers used:
		wreg, status,2, status,0, pclath, cstack
 Tracked objects:
		On entry : 
		On exit  : 
		Unchanged: 
 Data sizes:     COMMON   BANK0   BANK1   BANK3   BANK2
      Params:         1       0       0       0       0
      Locals:         4       0       0       0       0
      Temps:          2       0       0       0       0
      Totals:         7       0       0       0       0
Total ram usage:        7 bytes
 Hardware stack levels used:    1
 Hardware stack levels required when called:    2
 This function calls:
		_Lcd_Cmd
 This function is called by:
		_main
 This function uses a non-reentrant model


 *************** function _Lcd_Init *****************
 Defined at:
		line 63 in file "./Lcd_KeyPad.h"
 Parameters:    Size  Location     Type
		None
 Auto vars:     Size  Location     Type
		None
 Return value:  Size  Location     Type
                  1    wreg      void 
 Registers used:
		wreg, status,2, status,0, pclath, cstack
 Tracked objects:
		On entry : 
		On exit  : 
		Unchanged: 
 Data sizes:     COMMON   BANK0   BANK1   BANK3   BANK2
      Params:         0       0       0       0       0
      Locals:         0       0       0       0       0
      Temps:          2       0       0       0       0
      Totals:         2       0       0       0       0
Total ram usage:        2 bytes
 Hardware stack levels used:    1
 Hardware stack levels required when called:    2
 This function calls:
		_Lcd_Cmd
		_Lcd_Port
 This function is called by:
		_main
 This function uses a non-reentrant model


 *************** function _Lcd_Clear *****************
 Defined at:
		line 36 in file "./Lcd_KeyPad.h"
 Parameters:    Size  Location     Type
		None
 Auto vars:     Size  Location     Type
		None
 Return value:  Size  Location     Type
                  2   58[None  ] int 
 Registers used:
		wreg, status,2, status,0, pclath, cstack
 Tracked objects:
		On entry : 
		On exit  : 
		Unchanged: 
 Data sizes:     COMMON   BANK0   BANK1   BANK3   BANK2
      Params:         0       0       0       0       0
      Locals:         0       0       0       0       0
      Temps:          0       0       0       0       0
      Totals:         0       0       0       0       0
Total ram usage:        0 bytes
 Hardware stack levels used:    1
 Hardware stack levels required when called:    2
 This function calls:
		_Lcd_Cmd
 This function is called by:
		_main
 This function uses a non-reentrant model


 *************** function _Lcd_Cmd *****************
 Defined at:
		line 26 in file "./Lcd_KeyPad.h"
 Parameters:    Size  Location     Type
  a               1    wreg     unsigned char 
 Auto vars:     Size  Location     Type
  a               1    3[COMMON] unsigned char 
 Return value:  Size  Location     Type
                  1    wreg      void 
 Registers used:
		wreg, status,2, status,0, pclath, cstack
 Tracked objects:
		On entry : 
		On exit  : 
		Unchanged: 
 Data sizes:     COMMON   BANK0   BANK1   BANK3   BANK2
      Params:         0       0       0       0       0
      Locals:         1       0       0       0       0
      Temps:          2       0       0       0       0
      Totals:         3       0       0       0       0
Total ram usage:        3 bytes
 Hardware stack levels used:    1
 Hardware stack levels required when called:    1
 This function calls:
		_Lcd_Port
 This function is called by:
		_Lcd_Clear
		_Lcd_Set_Cursor
		_Lcd_Init
		_Lcd_Shift_Right
		_Lcd_Shift_Left
 This function uses a non-reentrant model


 *************** function _Lcd_Port *****************
 Defined at:
		line 4 in file "./Lcd_KeyPad.h"
 Parameters:    Size  Location     Type
  a               1    wreg     unsigned char 
 Auto vars:     Size  Location     Type
  a               1    0[COMMON] unsigned char 
 Return value:  Size  Location     Type
                  1    wreg      void 
 Registers used:
		wreg
 Tracked objects:
		On entry : 
		On exit  : 
		Unchanged: 
 Data sizes:     COMMON   BANK0   BANK1   BANK3   BANK2
      Params:         0       0       0       0       0
      Locals:         1       0       0       0       0
      Temps:          0       0       0       0       0
      Totals:         1       0       0       0       0
Total ram usage:        1 bytes
 Hardware stack levels used:    1
 This function calls:
		Nothing
 This function is called by:
		_Lcd_Cmd
		_Lcd_Init
		_Lcd_Write_Char
 This function uses a non-reentrant model


 *************** function _Keypad_Init *****************
 Defined at:
		line 119 in file "./Lcd_KeyPad.h"
 Parameters:    Size  Location     Type
		None
 Auto vars:     Size  Location     Type
		None
 Return value:  Size  Location     Type
                  1    wreg      void 
 Registers used:
		wreg, status,2
 Tracked objects:
		On entry : 
		On exit  : 
		Unchanged: 
 Data sizes:     COMMON   BANK0   BANK1   BANK3   BANK2
      Params:         0       0       0       0       0
      Locals:         0       0       0       0       0
      Temps:          0       0       0       0       0
      Totals:         0       0       0       0       0
Total ram usage:        0 bytes
 Hardware stack levels used:    1
 This function calls:
		Nothing
 This function is called by:
		_main
 This function uses a non-reentrant model


 *************** function _KeySound *****************
 Defined at:
		line 97 in file "./Buz_Lock_Led.h"
 Parameters:    Size  Location     Type
		None
 Auto vars:     Size  Location     Type
		None
 Return value:  Size  Location     Type
                  1    wreg      void 
 Registers used:
		wreg
 Tracked objects:
		On entry : 
		On exit  : 
		Unchanged: 
 Data sizes:     COMMON   BANK0   BANK1   BANK3   BANK2
      Params:         0       0       0       0       0
      Locals:         0       0       0       0       0
      Temps:          3       0       0       0       0
      Totals:         3       0       0       0       0
Total ram usage:        3 bytes
 Hardware stack levels used:    1
 This function calls:
		Nothing
 This function is called by:
		_main
 This function uses a non-reentrant model


 *************** function _GetKey *****************
 Defined at:
		line 166 in file "./Lcd_KeyPad.h"
 Parameters:    Size  Location     Type
		None
 Auto vars:     Size  Location     Type
  key             1    4[COMMON] unsigned char 
 Return value:  Size  Location     Type
                  1    wreg      unsigned char 
 Registers used:
		wreg, status,2, status,0, pclath, cstack
 Tracked objects:
		On entry : 
		On exit  : 
		Unchanged: 
 Data sizes:     COMMON   BANK0   BANK1   BANK3   BANK2
      Params:         0       0       0       0       0
      Locals:         1       0       0       0       0
      Temps:          1       0       0       0       0
      Totals:         2       0       0       0       0
Total ram usage:        2 bytes
 Hardware stack levels used:    1
 Hardware stack levels required when called:    1
 This function calls:
		_READ_SWITCHES
 This function is called by:
		_main
 This function uses a non-reentrant model


 *************** function _READ_SWITCHES *****************
 Defined at:
		line 134 in file "./Lcd_KeyPad.h"
 Parameters:    Size  Location     Type
		None
 Auto vars:     Size  Location     Type
		None
 Return value:  Size  Location     Type
                  1    wreg      unsigned char 
 Registers used:
		wreg
 Tracked objects:
		On entry : 
		On exit  : 
		Unchanged: 
 Data sizes:     COMMON   BANK0   BANK1   BANK3   BANK2
      Params:         0       0       0       0       0
      Locals:         0       0       0       0       0
      Temps:          3       0       0       0       0
      Totals:         3       0       0       0       0
Total ram usage:        3 bytes
 Hardware stack levels used:    1
 This function calls:
		Nothing
 This function is called by:
		_GetKey
 This function uses a non-reentrant model



MODULE INFORMATION

Module		Function		Class		Link	Load	Size
C:\Program Files (x86)\Microchip\xc8\v2.05\pic\sources\c90\common\doprnt.c
		_sprintf       		CODE           	014E	0000	217

C:\Program Files (x86)\Microchip\xc8\v2.05\pic\sources\c90\common\doprnt.c estimated size: 217

C:\Program Files (x86)\Microchip\xc8\v2.05\pic\sources\c90\common\lwdiv.c
		___lwdiv       		CODE           	0EE2	0000	61

C:\Program Files (x86)\Microchip\xc8\v2.05\pic\sources\c90\common\lwdiv.c estimated size: 61

./Buz_Lock_Led.h
		_LockOpining   		CODE           	003D	0000	103
		_Wrongsound    		CODE           	00A3	0000	172
		_KeySound      		CODE           	0E66	0000	23
		_WaitSound     		CODE           	0E51	0000	22
		_startingSound 		CODE           	0226	0000	259

./Buz_Lock_Led.h estimated size: 579

shared
		__stringtab    		STRING         	0800	0000	17
		_dpowers       		STRING         	0810	0000	11
		__initialization		CODE           	07FC	0000	1

shared estimated size: 29

./Lcd_KeyPad.h
		_Lcd_Write_String		CODE           	0F1E	0000	62
		_Lcd_Init      		CODE           	0FA5	0000	92
		_Lcd_Write_Char		CODE           	0006	0000	56
		_Lcd_Cmd       		CODE           	0E96	0000	27
		_Keypad_Init   		CODE           	0E2C	0000	11
		_GetKey        		CODE           	0E41	0000	17
		_Lcd_Set_Cursor		CODE           	0F5B	0000	75
		_Lcd_Clear     		CODE           	0E36	0000	12
		_Lcd_Port      		CODE           	0E7C	0000	27
		_READ_SWITCHES 		CODE           	0328	0000	273

./Lcd_KeyPad.h estimated size: 652

Password_Based_Door_Lock.c
		_main          		CODE           	0438	0000	965

Password_Based_Door_Lock.c estimated size: 965

C:\Program Files (x86)\Microchip\xc8\v2.05\pic\sources\c90\common\lwmod.c
		___lwmod       		CODE           	0EB0	0000	51

C:\Program Files (x86)\Microchip\xc8\v2.05\pic\sources\c90\common\lwmod.c estimated size: 51

